Component: ARM Compiler 5.06 update 4 (build 422) Tool: armlink [4d35d2]

==============================================================================

Section Cross References

    main.o(.text) refers to launchpad_io.o(.text) for lp_io_read_pin
    main.o(.text) refers to timers.o(.text) for clearInterrupt
    main.o(.text) refers to validate_uart.o(.text) for initialize_serial_debug
    main.o(.text) refers to ps2.o(.text) for adc0_ps2_initialize
    main.o(.text) refers to lcd.o(.text) for lcd_config_gpio
    main.o(.text) refers to main.o(.data) for button_count
    main.o(.text) refers to main.o(.constdata) for scoresBitmap
    lcd.o(.text) refers to gpio_port.o(.text) for gpio_enable_port
    ps2.o(.text) refers to gpio_port.o(.text) for gpio_enable_port
    ps2.o(.text) refers to adc.o(.text) for initialize_adc
    startup_tm4c123.o(RESET) refers to startup_tm4c123.o(STACK) for __initial_sp
    startup_tm4c123.o(RESET) refers to startup_tm4c123.o(.text) for Reset_Handler
    startup_tm4c123.o(RESET) refers to main.o(.text) for ADC0SS2_Handler
    startup_tm4c123.o(.text) refers to system_tm4c123.o(.text) for SystemInit
    startup_tm4c123.o(.text) refers to entry.o(.ARM.Collect$$$$00000000) for __main
    system_tm4c123.o(.text) refers to system_tm4c123.o(.data) for SystemCoreClock
    validate_uart.o(.text) refers to printf6.o(i.__0sprintf$6) for __2sprintf
    validate_uart.o(.text) refers to validate_sysctl.o(.text) for validate_uart_rcgc
    validate_uart.o(.text) refers to validate_uart.o(.conststring) for .conststring
    entry.o(.ARM.Collect$$$$00000000) refers (Special) to entry10a.o(.ARM.Collect$$$$0000000D) for __rt_final_cpp
    entry.o(.ARM.Collect$$$$00000000) refers (Special) to entry11a.o(.ARM.Collect$$$$0000000F) for __rt_final_exit
    entry.o(.ARM.Collect$$$$00000000) refers (Special) to entry7b.o(.ARM.Collect$$$$00000008) for _main_clock
    entry.o(.ARM.Collect$$$$00000000) refers (Special) to entry8b.o(.ARM.Collect$$$$0000000A) for _main_cpp_init
    entry.o(.ARM.Collect$$$$00000000) refers (Special) to entry9a.o(.ARM.Collect$$$$0000000B) for _main_init
    entry.o(.ARM.Collect$$$$00000000) refers (Special) to entry5.o(.ARM.Collect$$$$00000004) for _main_scatterload
    entry.o(.ARM.Collect$$$$00000000) refers (Special) to entry2.o(.ARM.Collect$$$$00000001) for _main_stk
    printfb.o(i.__0fprintf$bare) refers to printfb.o(i._printf_core) for _printf_core
    printfb.o(i.__0fprintf$bare) refers to fputc.o(i.fputc) for fputc
    printfb.o(i.__0printf$bare) refers to printfb.o(i._printf_core) for _printf_core
    printfb.o(i.__0printf$bare) refers to fputc.o(i.fputc) for fputc
    printfb.o(i.__0printf$bare) refers to stdout.o(.data) for __stdout
    printfb.o(i.__0snprintf$bare) refers to printfb.o(i._printf_core) for _printf_core
    printfb.o(i.__0snprintf$bare) refers to printfb.o(i._snputc) for _snputc
    printfb.o(i.__0sprintf$bare) refers to printfb.o(i._printf_core) for _printf_core
    printfb.o(i.__0sprintf$bare) refers to printfb.o(i._sputc) for _sputc
    printfb.o(i.__0vfprintf$bare) refers to printfb.o(i._printf_core) for _printf_core
    printfb.o(i.__0vfprintf$bare) refers to fputc.o(i.fputc) for fputc
    printfb.o(i.__0vprintf$bare) refers to printfb.o(i._printf_core) for _printf_core
    printfb.o(i.__0vprintf$bare) refers to fputc.o(i.fputc) for fputc
    printfb.o(i.__0vprintf$bare) refers to stdout.o(.data) for __stdout
    printfb.o(i.__0vsnprintf$bare) refers to printfb.o(i._printf_core) for _printf_core
    printfb.o(i.__0vsnprintf$bare) refers to printfb.o(i._snputc) for _snputc
    printfb.o(i.__0vsprintf$bare) refers to printfb.o(i._printf_core) for _printf_core
    printfb.o(i.__0vsprintf$bare) refers to printfb.o(i._sputc) for _sputc
    printf0.o(i.__0fprintf$0) refers to printf0.o(i._printf_core) for _printf_core
    printf0.o(i.__0fprintf$0) refers to fputc.o(i.fputc) for fputc
    printf0.o(i.__0printf$0) refers to printf0.o(i._printf_core) for _printf_core
    printf0.o(i.__0printf$0) refers to fputc.o(i.fputc) for fputc
    printf0.o(i.__0printf$0) refers to stdout.o(.data) for __stdout
    printf0.o(i.__0snprintf$0) refers to printf0.o(i._printf_core) for _printf_core
    printf0.o(i.__0snprintf$0) refers to printf0.o(i._snputc) for _snputc
    printf0.o(i.__0sprintf$0) refers to printf0.o(i._printf_core) for _printf_core
    printf0.o(i.__0sprintf$0) refers to printf0.o(i._sputc) for _sputc
    printf0.o(i.__0vfprintf$0) refers to printf0.o(i._printf_core) for _printf_core
    printf0.o(i.__0vfprintf$0) refers to fputc.o(i.fputc) for fputc
    printf0.o(i.__0vprintf$0) refers to printf0.o(i._printf_core) for _printf_core
    printf0.o(i.__0vprintf$0) refers to fputc.o(i.fputc) for fputc
    printf0.o(i.__0vprintf$0) refers to stdout.o(.data) for __stdout
    printf0.o(i.__0vsnprintf$0) refers to printf0.o(i._printf_core) for _printf_core
    printf0.o(i.__0vsnprintf$0) refers to printf0.o(i._snputc) for _snputc
    printf0.o(i.__0vsprintf$0) refers to printf0.o(i._printf_core) for _printf_core
    printf0.o(i.__0vsprintf$0) refers to printf0.o(i._sputc) for _sputc
    printf1.o(i.__0fprintf$1) refers to printf1.o(i._printf_core) for _printf_core
    printf1.o(i.__0fprintf$1) refers to fputc.o(i.fputc) for fputc
    printf1.o(i.__0printf$1) refers to printf1.o(i._printf_core) for _printf_core
    printf1.o(i.__0printf$1) refers to fputc.o(i.fputc) for fputc
    printf1.o(i.__0printf$1) refers to stdout.o(.data) for __stdout
    printf1.o(i.__0snprintf$1) refers to printf1.o(i._printf_core) for _printf_core
    printf1.o(i.__0snprintf$1) refers to printf1.o(i._snputc) for _snputc
    printf1.o(i.__0sprintf$1) refers to printf1.o(i._printf_core) for _printf_core
    printf1.o(i.__0sprintf$1) refers to printf1.o(i._sputc) for _sputc
    printf1.o(i.__0vfprintf$1) refers to printf1.o(i._printf_core) for _printf_core
    printf1.o(i.__0vfprintf$1) refers to fputc.o(i.fputc) for fputc
    printf1.o(i.__0vprintf$1) refers to printf1.o(i._printf_core) for _printf_core
    printf1.o(i.__0vprintf$1) refers to fputc.o(i.fputc) for fputc
    printf1.o(i.__0vprintf$1) refers to stdout.o(.data) for __stdout
    printf1.o(i.__0vsnprintf$1) refers to printf1.o(i._printf_core) for _printf_core
    printf1.o(i.__0vsnprintf$1) refers to printf1.o(i._snputc) for _snputc
    printf1.o(i.__0vsprintf$1) refers to printf1.o(i._printf_core) for _printf_core
    printf1.o(i.__0vsprintf$1) refers to printf1.o(i._sputc) for _sputc
    printf1.o(i._printf_core) refers to uidiv.o(.text) for __aeabi_uidivmod
    printf2.o(i.__0fprintf$2) refers to printf2.o(i._printf_core) for _printf_core
    printf2.o(i.__0fprintf$2) refers to fputc.o(i.fputc) for fputc
    printf2.o(i.__0printf$2) refers to printf2.o(i._printf_core) for _printf_core
    printf2.o(i.__0printf$2) refers to fputc.o(i.fputc) for fputc
    printf2.o(i.__0printf$2) refers to stdout.o(.data) for __stdout
    printf2.o(i.__0snprintf$2) refers to printf2.o(i._printf_core) for _printf_core
    printf2.o(i.__0snprintf$2) refers to printf2.o(i._snputc) for _snputc
    printf2.o(i.__0sprintf$2) refers to printf2.o(i._printf_core) for _printf_core
    printf2.o(i.__0sprintf$2) refers to printf2.o(i._sputc) for _sputc
    printf2.o(i.__0vfprintf$2) refers to printf2.o(i._printf_core) for _printf_core
    printf2.o(i.__0vfprintf$2) refers to fputc.o(i.fputc) for fputc
    printf2.o(i.__0vprintf$2) refers to printf2.o(i._printf_core) for _printf_core
    printf2.o(i.__0vprintf$2) refers to fputc.o(i.fputc) for fputc
    printf2.o(i.__0vprintf$2) refers to stdout.o(.data) for __stdout
    printf2.o(i.__0vsnprintf$2) refers to printf2.o(i._printf_core) for _printf_core
    printf2.o(i.__0vsnprintf$2) refers to printf2.o(i._snputc) for _snputc
    printf2.o(i.__0vsprintf$2) refers to printf2.o(i._printf_core) for _printf_core
    printf2.o(i.__0vsprintf$2) refers to printf2.o(i._sputc) for _sputc
    printf3.o(i.__0fprintf$3) refers to printf3.o(i._printf_core) for _printf_core
    printf3.o(i.__0fprintf$3) refers to fputc.o(i.fputc) for fputc
    printf3.o(i.__0printf$3) refers to printf3.o(i._printf_core) for _printf_core
    printf3.o(i.__0printf$3) refers to fputc.o(i.fputc) for fputc
    printf3.o(i.__0printf$3) refers to stdout.o(.data) for __stdout
    printf3.o(i.__0snprintf$3) refers to printf3.o(i._printf_core) for _printf_core
    printf3.o(i.__0snprintf$3) refers to printf3.o(i._snputc) for _snputc
    printf3.o(i.__0sprintf$3) refers to printf3.o(i._printf_core) for _printf_core
    printf3.o(i.__0sprintf$3) refers to printf3.o(i._sputc) for _sputc
    printf3.o(i.__0vfprintf$3) refers to printf3.o(i._printf_core) for _printf_core
    printf3.o(i.__0vfprintf$3) refers to fputc.o(i.fputc) for fputc
    printf3.o(i.__0vprintf$3) refers to printf3.o(i._printf_core) for _printf_core
    printf3.o(i.__0vprintf$3) refers to fputc.o(i.fputc) for fputc
    printf3.o(i.__0vprintf$3) refers to stdout.o(.data) for __stdout
    printf3.o(i.__0vsnprintf$3) refers to printf3.o(i._printf_core) for _printf_core
    printf3.o(i.__0vsnprintf$3) refers to printf3.o(i._snputc) for _snputc
    printf3.o(i.__0vsprintf$3) refers to printf3.o(i._printf_core) for _printf_core
    printf3.o(i.__0vsprintf$3) refers to printf3.o(i._sputc) for _sputc
    printf3.o(i._printf_core) refers to uidiv.o(.text) for __aeabi_uidivmod
    printf4.o(i.__0fprintf$4) refers to printf4.o(i._printf_core) for _printf_core
    printf4.o(i.__0fprintf$4) refers to fputc.o(i.fputc) for fputc
    printf4.o(i.__0printf$4) refers to printf4.o(i._printf_core) for _printf_core
    printf4.o(i.__0printf$4) refers to fputc.o(i.fputc) for fputc
    printf4.o(i.__0printf$4) refers to stdout.o(.data) for __stdout
    printf4.o(i.__0snprintf$4) refers to printf4.o(i._printf_core) for _printf_core
    printf4.o(i.__0snprintf$4) refers to printf4.o(i._snputc) for _snputc
    printf4.o(i.__0sprintf$4) refers to printf4.o(i._printf_core) for _printf_core
    printf4.o(i.__0sprintf$4) refers to printf4.o(i._sputc) for _sputc
    printf4.o(i.__0vfprintf$4) refers to printf4.o(i._printf_core) for _printf_core
    printf4.o(i.__0vfprintf$4) refers to fputc.o(i.fputc) for fputc
    printf4.o(i.__0vprintf$4) refers to printf4.o(i._printf_core) for _printf_core
    printf4.o(i.__0vprintf$4) refers to fputc.o(i.fputc) for fputc
    printf4.o(i.__0vprintf$4) refers to stdout.o(.data) for __stdout
    printf4.o(i.__0vsnprintf$4) refers to printf4.o(i._printf_core) for _printf_core
    printf4.o(i.__0vsnprintf$4) refers to printf4.o(i._snputc) for _snputc
    printf4.o(i.__0vsprintf$4) refers to printf4.o(i._printf_core) for _printf_core
    printf4.o(i.__0vsprintf$4) refers to printf4.o(i._sputc) for _sputc
    printf4.o(i._printf_core) refers to uldiv.o(.text) for __aeabi_uldivmod
    printf5.o(i.__0fprintf$5) refers to printf5.o(i._printf_core) for _printf_core
    printf5.o(i.__0fprintf$5) refers to fputc.o(i.fputc) for fputc
    printf5.o(i.__0printf$5) refers to printf5.o(i._printf_core) for _printf_core
    printf5.o(i.__0printf$5) refers to fputc.o(i.fputc) for fputc
    printf5.o(i.__0printf$5) refers to stdout.o(.data) for __stdout
    printf5.o(i.__0snprintf$5) refers to printf5.o(i._printf_core) for _printf_core
    printf5.o(i.__0snprintf$5) refers to printf5.o(i._snputc) for _snputc
    printf5.o(i.__0sprintf$5) refers to printf5.o(i._printf_core) for _printf_core
    printf5.o(i.__0sprintf$5) refers to printf5.o(i._sputc) for _sputc
    printf5.o(i.__0vfprintf$5) refers to printf5.o(i._printf_core) for _printf_core
    printf5.o(i.__0vfprintf$5) refers to fputc.o(i.fputc) for fputc
    printf5.o(i.__0vprintf$5) refers to printf5.o(i._printf_core) for _printf_core
    printf5.o(i.__0vprintf$5) refers to fputc.o(i.fputc) for fputc
    printf5.o(i.__0vprintf$5) refers to stdout.o(.data) for __stdout
    printf5.o(i.__0vsnprintf$5) refers to printf5.o(i._printf_core) for _printf_core
    printf5.o(i.__0vsnprintf$5) refers to printf5.o(i._snputc) for _snputc
    printf5.o(i.__0vsprintf$5) refers to printf5.o(i._printf_core) for _printf_core
    printf5.o(i.__0vsprintf$5) refers to printf5.o(i._sputc) for _sputc
    printf5.o(i._printf_core) refers to uldiv.o(.text) for __aeabi_uldivmod
    printf6.o(i.__0fprintf$6) refers to printf6.o(i._printf_core) for _printf_core
    printf6.o(i.__0fprintf$6) refers to fputc.o(i.fputc) for fputc
    printf6.o(i.__0printf$6) refers to printf6.o(i._printf_core) for _printf_core
    printf6.o(i.__0printf$6) refers to fputc.o(i.fputc) for fputc
    printf6.o(i.__0printf$6) refers to stdout.o(.data) for __stdout
    printf6.o(i.__0snprintf$6) refers to printf6.o(i._printf_core) for _printf_core
    printf6.o(i.__0snprintf$6) refers to printf6.o(i._snputc) for _snputc
    printf6.o(i.__0sprintf$6) refers to printf6.o(i._printf_core) for _printf_core
    printf6.o(i.__0sprintf$6) refers to printf6.o(i._sputc) for _sputc
    printf6.o(i.__0vfprintf$6) refers to printf6.o(i._printf_core) for _printf_core
    printf6.o(i.__0vfprintf$6) refers to fputc.o(i.fputc) for fputc
    printf6.o(i.__0vprintf$6) refers to printf6.o(i._printf_core) for _printf_core
    printf6.o(i.__0vprintf$6) refers to fputc.o(i.fputc) for fputc
    printf6.o(i.__0vprintf$6) refers to stdout.o(.data) for __stdout
    printf6.o(i.__0vsnprintf$6) refers to printf6.o(i._printf_core) for _printf_core
    printf6.o(i.__0vsnprintf$6) refers to printf6.o(i._snputc) for _snputc
    printf6.o(i.__0vsprintf$6) refers to printf6.o(i._printf_core) for _printf_core
    printf6.o(i.__0vsprintf$6) refers to printf6.o(i._sputc) for _sputc
    printf6.o(i._printf_core) refers to printf6.o(i._printf_pre_padding) for _printf_pre_padding
    printf6.o(i._printf_core) refers to uidiv.o(.text) for __aeabi_uidivmod
    printf6.o(i._printf_core) refers to printf6.o(i._printf_post_padding) for _printf_post_padding
    printf7.o(i.__0fprintf$7) refers to printf7.o(i._printf_core) for _printf_core
    printf7.o(i.__0fprintf$7) refers to fputc.o(i.fputc) for fputc
    printf7.o(i.__0printf$7) refers to printf7.o(i._printf_core) for _printf_core
    printf7.o(i.__0printf$7) refers to fputc.o(i.fputc) for fputc
    printf7.o(i.__0printf$7) refers to stdout.o(.data) for __stdout
    printf7.o(i.__0snprintf$7) refers to printf7.o(i._printf_core) for _printf_core
    printf7.o(i.__0snprintf$7) refers to printf7.o(i._snputc) for _snputc
    printf7.o(i.__0sprintf$7) refers to printf7.o(i._printf_core) for _printf_core
    printf7.o(i.__0sprintf$7) refers to printf7.o(i._sputc) for _sputc
    printf7.o(i.__0vfprintf$7) refers to printf7.o(i._printf_core) for _printf_core
    printf7.o(i.__0vfprintf$7) refers to fputc.o(i.fputc) for fputc
    printf7.o(i.__0vprintf$7) refers to printf7.o(i._printf_core) for _printf_core
    printf7.o(i.__0vprintf$7) refers to fputc.o(i.fputc) for fputc
    printf7.o(i.__0vprintf$7) refers to stdout.o(.data) for __stdout
    printf7.o(i.__0vsnprintf$7) refers to printf7.o(i._printf_core) for _printf_core
    printf7.o(i.__0vsnprintf$7) refers to printf7.o(i._snputc) for _snputc
    printf7.o(i.__0vsprintf$7) refers to printf7.o(i._printf_core) for _printf_core
    printf7.o(i.__0vsprintf$7) refers to printf7.o(i._sputc) for _sputc
    printf7.o(i._printf_core) refers to printf7.o(i._printf_pre_padding) for _printf_pre_padding
    printf7.o(i._printf_core) refers to uldiv.o(.text) for __aeabi_uldivmod
    printf7.o(i._printf_core) refers to printf7.o(i._printf_post_padding) for _printf_post_padding
    printf8.o(i.__0fprintf$8) refers to printf8.o(i._printf_core) for _printf_core
    printf8.o(i.__0fprintf$8) refers to fputc.o(i.fputc) for fputc
    printf8.o(i.__0printf$8) refers to printf8.o(i._printf_core) for _printf_core
    printf8.o(i.__0printf$8) refers to fputc.o(i.fputc) for fputc
    printf8.o(i.__0printf$8) refers to stdout.o(.data) for __stdout
    printf8.o(i.__0snprintf$8) refers to printf8.o(i._printf_core) for _printf_core
    printf8.o(i.__0snprintf$8) refers to printf8.o(i._snputc) for _snputc
    printf8.o(i.__0sprintf$8) refers to printf8.o(i._printf_core) for _printf_core
    printf8.o(i.__0sprintf$8) refers to printf8.o(i._sputc) for _sputc
    printf8.o(i.__0vfprintf$8) refers to printf8.o(i._printf_core) for _printf_core
    printf8.o(i.__0vfprintf$8) refers to fputc.o(i.fputc) for fputc
    printf8.o(i.__0vprintf$8) refers to printf8.o(i._printf_core) for _printf_core
    printf8.o(i.__0vprintf$8) refers to fputc.o(i.fputc) for fputc
    printf8.o(i.__0vprintf$8) refers to stdout.o(.data) for __stdout
    printf8.o(i.__0vsnprintf$8) refers to printf8.o(i._printf_core) for _printf_core
    printf8.o(i.__0vsnprintf$8) refers to printf8.o(i._snputc) for _snputc
    printf8.o(i.__0vsprintf$8) refers to printf8.o(i._printf_core) for _printf_core
    printf8.o(i.__0vsprintf$8) refers to printf8.o(i._sputc) for _sputc
    printf8.o(i._printf_core) refers to printf8.o(i._printf_pre_padding) for _printf_pre_padding
    printf8.o(i._printf_core) refers to uldiv.o(.text) for __aeabi_uldivmod
    printf8.o(i._printf_core) refers to printf8.o(i._printf_post_padding) for _printf_post_padding
    printfa.o(i.__0fprintf) refers (Special) to iusefp.o(.text) for __I$use$fp
    printfa.o(i.__0fprintf) refers to printfa.o(i._printf_core) for _printf_core
    printfa.o(i.__0fprintf) refers to fputc.o(i.fputc) for fputc
    printfa.o(i.__0printf) refers (Special) to iusefp.o(.text) for __I$use$fp
    printfa.o(i.__0printf) refers to printfa.o(i._printf_core) for _printf_core
    printfa.o(i.__0printf) refers to fputc.o(i.fputc) for fputc
    printfa.o(i.__0printf) refers to stdout.o(.data) for __stdout
    printfa.o(i.__0snprintf) refers (Special) to iusefp.o(.text) for __I$use$fp
    printfa.o(i.__0snprintf) refers to printfa.o(i._printf_core) for _printf_core
    printfa.o(i.__0snprintf) refers to printfa.o(i._snputc) for _snputc
    printfa.o(i.__0sprintf) refers (Special) to iusefp.o(.text) for __I$use$fp
    printfa.o(i.__0sprintf) refers to printfa.o(i._printf_core) for _printf_core
    printfa.o(i.__0sprintf) refers to printfa.o(i._sputc) for _sputc
    printfa.o(i.__0vfprintf) refers (Special) to iusefp.o(.text) for __I$use$fp
    printfa.o(i.__0vfprintf) refers to printfa.o(i._printf_core) for _printf_core
    printfa.o(i.__0vfprintf) refers to fputc.o(i.fputc) for fputc
    printfa.o(i.__0vprintf) refers (Special) to iusefp.o(.text) for __I$use$fp
    printfa.o(i.__0vprintf) refers to printfa.o(i._printf_core) for _printf_core
    printfa.o(i.__0vprintf) refers to fputc.o(i.fputc) for fputc
    printfa.o(i.__0vprintf) refers to stdout.o(.data) for __stdout
    printfa.o(i.__0vsnprintf) refers (Special) to iusefp.o(.text) for __I$use$fp
    printfa.o(i.__0vsnprintf) refers to printfa.o(i._printf_core) for _printf_core
    printfa.o(i.__0vsnprintf) refers to printfa.o(i._snputc) for _snputc
    printfa.o(i.__0vsprintf) refers (Special) to iusefp.o(.text) for __I$use$fp
    printfa.o(i.__0vsprintf) refers to printfa.o(i._printf_core) for _printf_core
    printfa.o(i.__0vsprintf) refers to printfa.o(i._sputc) for _sputc
    printfa.o(i._fp_digits) refers (Special) to iusefp.o(.text) for __I$use$fp
    printfa.o(i._fp_digits) refers to dmul.o(.text) for __aeabi_dmul
    printfa.o(i._fp_digits) refers to ddiv.o(.text) for __aeabi_ddiv
    printfa.o(i._fp_digits) refers to cdrcmple.o(.text) for __aeabi_cdrcmple
    printfa.o(i._fp_digits) refers to dadd.o(.text) for __aeabi_dadd
    printfa.o(i._fp_digits) refers to dfixul.o(.text) for __aeabi_d2ulz
    printfa.o(i._fp_digits) refers to uldiv.o(.text) for __aeabi_uldivmod
    printfa.o(i._printf_core) refers (Special) to iusefp.o(.text) for __I$use$fp
    printfa.o(i._printf_core) refers to printfa.o(i._printf_pre_padding) for _printf_pre_padding
    printfa.o(i._printf_core) refers to uldiv.o(.text) for __aeabi_uldivmod
    printfa.o(i._printf_core) refers to printfa.o(i._printf_post_padding) for _printf_post_padding
    printfa.o(i._printf_core) refers to printfa.o(i._fp_digits) for _fp_digits
    printfa.o(i._printf_core) refers to uidiv.o(.text) for __aeabi_uidivmod
    printfa.o(i._printf_post_padding) refers (Special) to iusefp.o(.text) for __I$use$fp
    printfa.o(i._printf_pre_padding) refers (Special) to iusefp.o(.text) for __I$use$fp
    printfa.o(i._snputc) refers (Special) to iusefp.o(.text) for __I$use$fp
    printfa.o(i._sputc) refers (Special) to iusefp.o(.text) for __I$use$fp
    entry2.o(.ARM.Collect$$$$00000001) refers to entry2.o(.ARM.Collect$$$$00002712) for __lit__00000000
    entry2.o(.ARM.Collect$$$$00002712) refers to startup_tm4c123.o(STACK) for __initial_sp
    entry2.o(__vectab_stack_and_reset_area) refers to startup_tm4c123.o(STACK) for __initial_sp
    entry2.o(__vectab_stack_and_reset_area) refers to entry.o(.ARM.Collect$$$$00000000) for __main
    entry5.o(.ARM.Collect$$$$00000004) refers to init.o(.text) for __scatterload
    entry9a.o(.ARM.Collect$$$$0000000B) refers to main.o(.text) for main
    entry9b.o(.ARM.Collect$$$$0000000C) refers to main.o(.text) for main
    fputc.o(i.fputc) refers (Special) to iusesemip.o(.text) for __I$use$semihosting$fputc
    fputc.o(i.fputc) refers (Special) to semi.o(.text) for __semihosting_library_function
    uldiv.o(.text) refers to llushr.o(.text) for __aeabi_llsr
    uldiv.o(.text) refers to llshl.o(.text) for __aeabi_llsl
    dadd.o(.text) refers to llshl.o(.text) for __aeabi_llsl
    dadd.o(.text) refers to llsshr.o(.text) for __aeabi_lasr
    dadd.o(.text) refers to depilogue.o(.text) for _double_epilogue
    dmul.o(.text) refers to depilogue.o(.text) for _double_epilogue
    ddiv.o(.text) refers to depilogue.o(.text) for _double_round
    dfixul.o(.text) refers to llushr.o(.text) for __aeabi_llsr
    dfixul.o(.text) refers to llshl.o(.text) for __aeabi_llsl
    init.o(.text) refers to entry5.o(.ARM.Collect$$$$00000004) for __main_after_scatterload
    depilogue.o(.text) refers to llshl.o(.text) for __aeabi_llsl
    depilogue.o(.text) refers to llushr.o(.text) for __aeabi_llsr


==============================================================================

Removing Unused input sections from the image.

    Removing main.o(.rev16_text), (4 bytes).
    Removing main.o(.revsh_text), (4 bytes).
    Removing main.o(.rrx_text), (6 bytes).
    Removing main.o(.bss), (9600 bytes).
    Removing adc.o(.rev16_text), (4 bytes).
    Removing adc.o(.revsh_text), (4 bytes).
    Removing adc.o(.rrx_text), (6 bytes).
    Removing gpio_port.o(.rev16_text), (4 bytes).
    Removing gpio_port.o(.revsh_text), (4 bytes).
    Removing gpio_port.o(.rrx_text), (6 bytes).
    Removing timers.o(.rev16_text), (4 bytes).
    Removing timers.o(.revsh_text), (4 bytes).
    Removing timers.o(.rrx_text), (6 bytes).
    Removing launchpad_io.o(.rev16_text), (4 bytes).
    Removing launchpad_io.o(.revsh_text), (4 bytes).
    Removing launchpad_io.o(.rrx_text), (6 bytes).
    Removing lcd.o(.rev16_text), (4 bytes).
    Removing lcd.o(.revsh_text), (4 bytes).
    Removing lcd.o(.rrx_text), (6 bytes).
    Removing ps2.o(.rev16_text), (4 bytes).
    Removing ps2.o(.revsh_text), (4 bytes).
    Removing ps2.o(.rrx_text), (6 bytes).
    Removing startup_tm4c123.o(HEAP), (0 bytes).
    Removing system_tm4c123.o(.rev16_text), (4 bytes).
    Removing system_tm4c123.o(.revsh_text), (4 bytes).
    Removing system_tm4c123.o(.rrx_text), (6 bytes).
    Removing validate_uart.o(.rev16_text), (4 bytes).
    Removing validate_uart.o(.revsh_text), (4 bytes).
    Removing validate_uart.o(.rrx_text), (6 bytes).
    Removing validate_sysctl.o(.rev16_text), (4 bytes).
    Removing validate_sysctl.o(.revsh_text), (4 bytes).
    Removing validate_sysctl.o(.rrx_text), (6 bytes).
    Removing dadd.o(.text), (334 bytes).
    Removing dmul.o(.text), (228 bytes).
    Removing ddiv.o(.text), (222 bytes).
    Removing dfixul.o(.text), (48 bytes).
    Removing cdrcmple.o(.text), (48 bytes).
    Removing depilogue.o(.text), (186 bytes).

38 unused section(s) (total 10806 bytes) removed from the image.

==============================================================================

Image Symbol Table

    Local Symbols

    Symbol Name                              Value     Ov Type        Size  Object(Section)

    RESET                                    0x00000000   Section      620  startup_tm4c123.o(RESET)
    ../clib/microlib/division.c              0x00000000   Number         0  uidiv.o ABSOLUTE
    ../clib/microlib/division.c              0x00000000   Number         0  uldiv.o ABSOLUTE
    ../clib/microlib/init/entry.s            0x00000000   Number         0  entry8a.o ABSOLUTE
    ../clib/microlib/init/entry.s            0x00000000   Number         0  entry.o ABSOLUTE
    ../clib/microlib/init/entry.s            0x00000000   Number         0  entry2.o ABSOLUTE
    ../clib/microlib/init/entry.s            0x00000000   Number         0  entry11b.o ABSOLUTE
    ../clib/microlib/init/entry.s            0x00000000   Number         0  entry5.o ABSOLUTE
    ../clib/microlib/init/entry.s            0x00000000   Number         0  entry11a.o ABSOLUTE
    ../clib/microlib/init/entry.s            0x00000000   Number         0  entry10b.o ABSOLUTE
    ../clib/microlib/init/entry.s            0x00000000   Number         0  entry10a.o ABSOLUTE
    ../clib/microlib/init/entry.s            0x00000000   Number         0  entry7a.o ABSOLUTE
    ../clib/microlib/init/entry.s            0x00000000   Number         0  entry9b.o ABSOLUTE
    ../clib/microlib/init/entry.s            0x00000000   Number         0  entry9a.o ABSOLUTE
    ../clib/microlib/init/entry.s            0x00000000   Number         0  entry7b.o ABSOLUTE
    ../clib/microlib/init/entry.s            0x00000000   Number         0  entry8b.o ABSOLUTE
    ../clib/microlib/longlong.c              0x00000000   Number         0  llushr.o ABSOLUTE
    ../clib/microlib/longlong.c              0x00000000   Number         0  llshl.o ABSOLUTE
    ../clib/microlib/longlong.c              0x00000000   Number         0  llsshr.o ABSOLUTE
    ../clib/microlib/printf/printf.c         0x00000000   Number         0  printf4.o ABSOLUTE
    ../clib/microlib/printf/printf.c         0x00000000   Number         0  printf3.o ABSOLUTE
    ../clib/microlib/printf/printf.c         0x00000000   Number         0  printf2.o ABSOLUTE
    ../clib/microlib/printf/printf.c         0x00000000   Number         0  printf0.o ABSOLUTE
    ../clib/microlib/printf/printf.c         0x00000000   Number         0  printfb.o ABSOLUTE
    ../clib/microlib/printf/printf.c         0x00000000   Number         0  printf1.o ABSOLUTE
    ../clib/microlib/printf/printf.c         0x00000000   Number         0  printfa.o ABSOLUTE
    ../clib/microlib/printf/printf.c         0x00000000   Number         0  printf8.o ABSOLUTE
    ../clib/microlib/printf/printf.c         0x00000000   Number         0  printf7.o ABSOLUTE
    ../clib/microlib/printf/printf.c         0x00000000   Number         0  printf6.o ABSOLUTE
    ../clib/microlib/printf/printf.c         0x00000000   Number         0  printf5.o ABSOLUTE
    ../clib/microlib/printf/stubs.s          0x00000000   Number         0  stubs.o ABSOLUTE
    ../clib/microlib/stdio/fputc.c           0x00000000   Number         0  fputc.o ABSOLUTE
    ../clib/microlib/stdio/semi.s            0x00000000   Number         0  semi.o ABSOLUTE
    ../clib/microlib/stdio/streams.c         0x00000000   Number         0  stdout.o ABSOLUTE
    ../clib/microlib/stubs.s                 0x00000000   Number         0  iusefp.o ABSOLUTE
    ../clib/microlib/stubs.s                 0x00000000   Number         0  iusesemip.o ABSOLUTE
    ../fplib/microlib/fpadd.c                0x00000000   Number         0  dadd.o ABSOLUTE
    ../fplib/microlib/fpdiv.c                0x00000000   Number         0  ddiv.o ABSOLUTE
    ../fplib/microlib/fpepilogue.c           0x00000000   Number         0  depilogue.o ABSOLUTE
    ../fplib/microlib/fpfix.c                0x00000000   Number         0  dfixul.o ABSOLUTE
    ../fplib/microlib/fpmul.c                0x00000000   Number         0  dmul.o ABSOLUTE
    ..\\drivers\\c\\adc.c                    0x00000000   Number         0  adc.o ABSOLUTE
    ..\\drivers\\c\\gpio_port.c              0x00000000   Number         0  gpio_port.o ABSOLUTE
    ..\\drivers\\c\\timers.c                 0x00000000   Number         0  timers.o ABSOLUTE
    ..\\peripherals\\c\\launchpad_io.c       0x00000000   Number         0  launchpad_io.o ABSOLUTE
    ..\\peripherals\\c\\lcd.c                0x00000000   Number         0  lcd.o ABSOLUTE
    ..\\peripherals\\c\\ps2.c                0x00000000   Number         0  ps2.o ABSOLUTE
    ..\drivers\c\adc.c                       0x00000000   Number         0  adc.o ABSOLUTE
    ..\drivers\c\gpio_port.c                 0x00000000   Number         0  gpio_port.o ABSOLUTE
    ..\drivers\c\timers.c                    0x00000000   Number         0  timers.o ABSOLUTE
    ..\peripherals\c\launchpad_io.c          0x00000000   Number         0  launchpad_io.o ABSOLUTE
    ..\peripherals\c\lcd.c                   0x00000000   Number         0  lcd.o ABSOLUTE
    ..\peripherals\c\ps2.c                   0x00000000   Number         0  ps2.o ABSOLUTE
    RTE\Device\TM4C123GH6PM\startup_TM4C123.s 0x00000000   Number         0  startup_tm4c123.o ABSOLUTE
    RTE\Device\TM4C123GH6PM\system_TM4C123.c 0x00000000   Number         0  system_tm4c123.o ABSOLUTE
    RTE\\Device\\TM4C123GH6PM\\system_TM4C123.c 0x00000000   Number         0  system_tm4c123.o ABSOLUTE
    cdrcmple.s                               0x00000000   Number         0  cdrcmple.o ABSOLUTE
    dc.s                                     0x00000000   Number         0  dc.o ABSOLUTE
    handlers.s                               0x00000000   Number         0  handlers.o ABSOLUTE
    init.s                                   0x00000000   Number         0  init.o ABSOLUTE
    main.c                                   0x00000000   Number         0  main.o ABSOLUTE
    main.c                                   0x00000000   Number         0  main.o ABSOLUTE
    validate_sysctl.c                        0x00000000   Number         0  validate_sysctl.o ABSOLUTE
    validate_sysctl.c                        0x00000000   Number         0  validate_sysctl.o ABSOLUTE
    validate_uart.c                          0x00000000   Number         0  validate_uart.o ABSOLUTE
    validate_uart.c                          0x00000000   Number         0  validate_uart.o ABSOLUTE
    .ARM.Collect$$$$00000000                 0x0000026c   Section        0  entry.o(.ARM.Collect$$$$00000000)
    .ARM.Collect$$$$00000001                 0x0000026c   Section        4  entry2.o(.ARM.Collect$$$$00000001)
    .ARM.Collect$$$$00000004                 0x00000270   Section        4  entry5.o(.ARM.Collect$$$$00000004)
    .ARM.Collect$$$$00000008                 0x00000274   Section        0  entry7b.o(.ARM.Collect$$$$00000008)
    .ARM.Collect$$$$0000000A                 0x00000274   Section        0  entry8b.o(.ARM.Collect$$$$0000000A)
    .ARM.Collect$$$$0000000B                 0x00000274   Section        8  entry9a.o(.ARM.Collect$$$$0000000B)
    .ARM.Collect$$$$0000000D                 0x0000027c   Section        0  entry10a.o(.ARM.Collect$$$$0000000D)
    .ARM.Collect$$$$0000000F                 0x0000027c   Section        0  entry11a.o(.ARM.Collect$$$$0000000F)
    .ARM.Collect$$$$00002712                 0x0000027c   Section        4  entry2.o(.ARM.Collect$$$$00002712)
    __lit__00000000                          0x0000027c   Data           4  entry2.o(.ARM.Collect$$$$00002712)
    .text                                    0x00000280   Section        0  main.o(.text)
    .text                                    0x00000534   Section        0  adc.o(.text)
    .text                                    0x00000668   Section        0  gpio_port.o(.text)
    verify_base_addr                         0x00000669   Thumb Code    64  gpio_port.o(.text)
    .text                                    0x000008fc   Section        0  timers.o(.text)
    verify_base_addr                         0x000008fd   Thumb Code    64  timers.o(.text)
    get_clock_masks                          0x0000093d   Thumb Code   106  timers.o(.text)
    __NVIC_EnableIRQ                         0x00000b53   Thumb Code    26  timers.o(.text)
    .text                                    0x00000b7c   Section        0  launchpad_io.o(.text)
    port_f_enable_port                       0x00000b7d   Thumb Code    40  launchpad_io.o(.text)
    port_f_digital_enable                    0x00000c1f   Thumb Code    16  launchpad_io.o(.text)
    port_f_enable_output                     0x00000c2f   Thumb Code    16  launchpad_io.o(.text)
    port_f_enable_input                      0x00000c3f   Thumb Code    16  launchpad_io.o(.text)
    port_f_enable_pull_up                    0x00000c4f   Thumb Code    16  launchpad_io.o(.text)
    .text                                    0x00000c78   Section        0  lcd.o(.text)
    delayms                                  0x00000c79   Thumb Code    26  lcd.o(.text)
    lcd_write_cmd_u8                         0x00000c93   Thumb Code    34  lcd.o(.text)
    lcd_write_data_u8                        0x00000cb5   Thumb Code    36  lcd.o(.text)
    lcd_write_data_u16                       0x00000cd9   Thumb Code    60  lcd.o(.text)
    .text                                    0x00001154   Section        0  ps2.o(.text)
    initialize_adc_gpio_pins                 0x00001155   Thumb Code    64  ps2.o(.text)
    .text                                    0x0000120c   Section      252  startup_tm4c123.o(.text)
    $v0                                      0x0000120c   Number         0  startup_tm4c123.o(.text)
    .text                                    0x00001308   Section        0  system_tm4c123.o(.text)
    getOscClk                                0x00001309   Thumb Code   182  system_tm4c123.o(.text)
    .text                                    0x00001558   Section        0  validate_uart.o(.text)
    uart_get_ibrd                            0x00001603   Thumb Code    30  validate_uart.o(.text)
    uart_get_fbrd                            0x00001621   Thumb Code    28  validate_uart.o(.text)
    uart_get_irq_num                         0x0000163d   Thumb Code    68  validate_uart.o(.text)
    .text                                    0x00001958   Section        0  validate_sysctl.o(.text)
    get_gpio_rcgc                            0x00001959   Thumb Code    74  validate_sysctl.o(.text)
    get_adc_rcgc                             0x000019a3   Thumb Code    28  validate_sysctl.o(.text)
    get_gpt_rcgc                             0x000019bf   Thumb Code    74  validate_sysctl.o(.text)
    get_uart_rcgc                            0x00001a09   Thumb Code    68  validate_sysctl.o(.text)
    get_spi_rcgc                             0x00001a4d   Thumb Code    48  validate_sysctl.o(.text)
    .text                                    0x00001b24   Section        0  uidiv.o(.text)
    .text                                    0x00001b50   Section       36  init.o(.text)
    i.__0sprintf$6                           0x00001b74   Section        0  printf6.o(i.__0sprintf$6)
    i.__scatterload_copy                     0x00001b9c   Section       14  handlers.o(i.__scatterload_copy)
    i.__scatterload_null                     0x00001baa   Section        2  handlers.o(i.__scatterload_null)
    i.__scatterload_zeroinit                 0x00001bac   Section       14  handlers.o(i.__scatterload_zeroinit)
    i._printf_core                           0x00001bbc   Section        0  printf6.o(i._printf_core)
    _printf_core                             0x00001bbd   Thumb Code   748  printf6.o(i._printf_core)
    i._printf_post_padding                   0x00001eac   Section        0  printf6.o(i._printf_post_padding)
    _printf_post_padding                     0x00001ead   Thumb Code    36  printf6.o(i._printf_post_padding)
    i._printf_pre_padding                    0x00001ed0   Section        0  printf6.o(i._printf_pre_padding)
    _printf_pre_padding                      0x00001ed1   Thumb Code    46  printf6.o(i._printf_pre_padding)
    i._sputc                                 0x00001efe   Section        0  printf6.o(i._sputc)
    _sputc                                   0x00001eff   Thumb Code    10  printf6.o(i._sputc)
    .constdata                               0x00001f08   Section     1218  main.o(.constdata)
    .conststring                             0x000023cc   Section       92  validate_uart.o(.conststring)
    .data                                    0x20000000   Section       58  main.o(.data)
    button_count                             0x20000038   Data           1  main.o(.data)
    Alien_count                              0x20000039   Data           1  main.o(.data)
    .data                                    0x2000003c   Section        4  system_tm4c123.o(.data)
    STACK                                    0x20000040   Section     4096  startup_tm4c123.o(STACK)

    Global Symbols

    Symbol Name                              Value     Ov Type        Size  Object(Section)

    BuildAttributes$$THM_ISAv4$E$P$D$K$B$S$7EM$VFPi3$EXTD16$VFPS$VFMA$PE$A:L22UL41UL21$X:L11$S22US41US21$IEEE1$IW$USESV6$~STKCKD$USESV7$~SHL$OSPACE$ROPI$EBA8$MICROLIB$REQ8$PRES8$EABIv2 0x00000000   Number         0  anon$$obj.o ABSOLUTE
    __ARM_use_no_argv                        0x00000000   Number         0  main.o ABSOLUTE
    __Vectors                                0x00000000   Data           4  startup_tm4c123.o(RESET)
    _printf_a                                0x00000000   Number         0  stubs.o ABSOLUTE
    _printf_c                                0x00000000   Number         0  stubs.o ABSOLUTE
    _printf_charcount                        0x00000000   Number         0  stubs.o ABSOLUTE
    _printf_d                                0x00000000   Number         0  stubs.o ABSOLUTE
    _printf_e                                0x00000000   Number         0  stubs.o ABSOLUTE
    _printf_f                                0x00000000   Number         0  stubs.o ABSOLUTE
    _printf_flags                            0x00000000   Number         0  stubs.o ABSOLUTE
    _printf_fp_dec                           0x00000000   Number         0  stubs.o ABSOLUTE
    _printf_fp_hex                           0x00000000   Number         0  stubs.o ABSOLUTE
    _printf_g                                0x00000000   Number         0  stubs.o ABSOLUTE
    _printf_i                                0x00000000   Number         0  stubs.o ABSOLUTE
    _printf_int_dec                          0x00000000   Number         0  stubs.o ABSOLUTE
    _printf_l                                0x00000000   Number         0  stubs.o ABSOLUTE
    _printf_lc                               0x00000000   Number         0  stubs.o ABSOLUTE
    _printf_ll                               0x00000000   Number         0  stubs.o ABSOLUTE
    _printf_lld                              0x00000000   Number         0  stubs.o ABSOLUTE
    _printf_lli                              0x00000000   Number         0  stubs.o ABSOLUTE
    _printf_llo                              0x00000000   Number         0  stubs.o ABSOLUTE
    _printf_llu                              0x00000000   Number         0  stubs.o ABSOLUTE
    _printf_llx                              0x00000000   Number         0  stubs.o ABSOLUTE
    _printf_longlong_dec                     0x00000000   Number         0  stubs.o ABSOLUTE
    _printf_longlong_hex                     0x00000000   Number         0  stubs.o ABSOLUTE
    _printf_longlong_oct                     0x00000000   Number         0  stubs.o ABSOLUTE
    _printf_ls                               0x00000000   Number         0  stubs.o ABSOLUTE
    _printf_mbtowc                           0x00000000   Number         0  stubs.o ABSOLUTE
    _printf_n                                0x00000000   Number         0  stubs.o ABSOLUTE
    _printf_o                                0x00000000   Number         0  stubs.o ABSOLUTE
    _printf_p                                0x00000000   Number         0  stubs.o ABSOLUTE
    _printf_percent                          0x00000000   Number         0  stubs.o ABSOLUTE
    _printf_pre_padding                      0x00000000   Number         0  stubs.o ABSOLUTE
    _printf_return_value                     0x00000000   Number         0  stubs.o ABSOLUTE
    _printf_s                                0x00000000   Number         0  stubs.o ABSOLUTE
    _printf_sizespec                         0x00000000   Number         0  stubs.o ABSOLUTE
    _printf_str                              0x00000000   Number         0  stubs.o ABSOLUTE
    _printf_truncate_signed                  0x00000000   Number         0  stubs.o ABSOLUTE
    _printf_truncate_unsigned                0x00000000   Number         0  stubs.o ABSOLUTE
    _printf_u                                0x00000000   Number         0  stubs.o ABSOLUTE
    _printf_wc                               0x00000000   Number         0  stubs.o ABSOLUTE
    _printf_wctomb                           0x00000000   Number         0  stubs.o ABSOLUTE
    _printf_widthprec                        0x00000000   Number         0  stubs.o ABSOLUTE
    _printf_x                                0x00000000   Number         0  stubs.o ABSOLUTE
    __cpp_initialize__aeabi_                  - Undefined Weak Reference
    __cxa_finalize                            - Undefined Weak Reference
    __decompress                              - Undefined Weak Reference
    _clock_init                               - Undefined Weak Reference
    _microlib_exit                            - Undefined Weak Reference
    __Vectors_End                            0x0000026c   Data           0  startup_tm4c123.o(RESET)
    __Vectors_Size                           0x0000026c   Number         0  startup_tm4c123.o ABSOLUTE
    __main                                   0x0000026d   Thumb Code     0  entry.o(.ARM.Collect$$$$00000000)
    _main_stk                                0x0000026d   Thumb Code     0  entry2.o(.ARM.Collect$$$$00000001)
    _main_scatterload                        0x00000271   Thumb Code     0  entry5.o(.ARM.Collect$$$$00000004)
    __main_after_scatterload                 0x00000275   Thumb Code     0  entry5.o(.ARM.Collect$$$$00000004)
    _main_clock                              0x00000275   Thumb Code     0  entry7b.o(.ARM.Collect$$$$00000008)
    _main_cpp_init                           0x00000275   Thumb Code     0  entry8b.o(.ARM.Collect$$$$0000000A)
    _main_init                               0x00000275   Thumb Code     0  entry9a.o(.ARM.Collect$$$$0000000B)
    __rt_final_cpp                           0x0000027d   Thumb Code     0  entry10a.o(.ARM.Collect$$$$0000000D)
    __rt_final_exit                          0x0000027d   Thumb Code     0  entry11a.o(.ARM.Collect$$$$0000000F)
    TIMER0A_Handler                          0x00000281   Thumb Code    60  main.o(.text)
    TIMER0B_Handler                          0x000002bd   Thumb Code    60  main.o(.text)
    ADC0SS2_Handler                          0x000002f9   Thumb Code    18  main.o(.text)
    readPS2                                  0x0000030b   Thumb Code    36  main.o(.text)
    initialize_hardware                      0x0000032f   Thumb Code    44  main.o(.text)
    main                                     0x0000035b   Thumb Code   314  main.o(.text)
    initialize_adc                           0x00000535   Thumb Code   108  adc.o(.text)
    initialize_adc0                          0x000005a1   Thumb Code   130  adc.o(.text)
    get_adc_value                            0x00000623   Thumb Code    58  adc.o(.text)
    gpio_get_irq_num                         0x000006a9   Thumb Code    74  gpio_port.o(.text)
    gpio_enable_port                         0x000006f3   Thumb Code   168  gpio_port.o(.text)
    gpio_config_digital_enable               0x0000079b   Thumb Code    34  gpio_port.o(.text)
    gpio_config_enable_output                0x000007bd   Thumb Code    34  gpio_port.o(.text)
    gpio_config_enable_input                 0x000007df   Thumb Code    34  gpio_port.o(.text)
    gpio_config_enable_pullup                0x00000801   Thumb Code    34  gpio_port.o(.text)
    gpio_config_enable_pulldown              0x00000823   Thumb Code    34  gpio_port.o(.text)
    gpio_config_analog_enable                0x00000845   Thumb Code    34  gpio_port.o(.text)
    gpio_config_alternate_function           0x00000867   Thumb Code    34  gpio_port.o(.text)
    gpio_config_port_control                 0x00000889   Thumb Code    44  gpio_port.o(.text)
    gpio_config_open_drain                   0x000008b5   Thumb Code    34  gpio_port.o(.text)
    gpio_config_falling_edge_irq             0x000008d7   Thumb Code     6  gpio_port.o(.text)
    gp_timer_wait                            0x000009a7   Thumb Code    70  timers.o(.text)
    gp_timer_config_32                       0x000009ed   Thumb Code   146  timers.o(.text)
    gp_timer_config_16                       0x00000a7f   Thumb Code   186  timers.o(.text)
    clearInterrupt                           0x00000b39   Thumb Code    26  timers.o(.text)
    lp_io_set_pin                            0x00000ba5   Thumb Code    18  launchpad_io.o(.text)
    lp_io_clear_pin                          0x00000bb7   Thumb Code    18  launchpad_io.o(.text)
    lp_io_read_pin                           0x00000bc9   Thumb Code    22  launchpad_io.o(.text)
    lp_io_init                               0x00000bdf   Thumb Code    32  launchpad_io.o(.text)
    lp_io_init_SW1_LED                       0x00000bff   Thumb Code    32  launchpad_io.o(.text)
    lcd_set_pos                              0x00000d15   Thumb Code    58  lcd.o(.text)
    lcd_clear_screen                         0x00000d4f   Thumb Code    52  lcd.o(.text)
    lcd_draw_image                           0x00000d83   Thumb Code   184  lcd.o(.text)
    lcd_config_gpio                          0x00000e3b   Thumb Code   222  lcd.o(.text)
    lcd_config_screen                        0x00000f19   Thumb Code   566  lcd.o(.text)
    adc0_ps2_initialize                      0x00001195   Thumb Code    64  ps2.o(.text)
    ps2_initialize                           0x000011d5   Thumb Code    14  ps2.o(.text)
    ps2_get_x                                0x000011e3   Thumb Code    16  ps2.o(.text)
    ps2_get_y                                0x000011f3   Thumb Code    16  ps2.o(.text)
    Reset_Handler                            0x0000120d   Thumb Code     8  startup_tm4c123.o(.text)
    NMI_Handler                              0x00001215   Thumb Code     2  startup_tm4c123.o(.text)
    HardFault_Handler                        0x00001217   Thumb Code     2  startup_tm4c123.o(.text)
    MemManage_Handler                        0x00001219   Thumb Code     2  startup_tm4c123.o(.text)
    BusFault_Handler                         0x0000121b   Thumb Code     2  startup_tm4c123.o(.text)
    UsageFault_Handler                       0x0000121d   Thumb Code     2  startup_tm4c123.o(.text)
    SVC_Handler                              0x0000121f   Thumb Code     2  startup_tm4c123.o(.text)
    DebugMon_Handler                         0x00001221   Thumb Code     2  startup_tm4c123.o(.text)
    PendSV_Handler                           0x00001223   Thumb Code     2  startup_tm4c123.o(.text)
    SysTick_Handler                          0x00001225   Thumb Code     2  startup_tm4c123.o(.text)
    GPIOA_Handler                            0x00001227   Thumb Code     2  startup_tm4c123.o(.text)
    GPIOB_Handler                            0x00001229   Thumb Code     2  startup_tm4c123.o(.text)
    GPIOC_Handler                            0x0000122b   Thumb Code     2  startup_tm4c123.o(.text)
    GPIOD_Handler                            0x0000122d   Thumb Code     2  startup_tm4c123.o(.text)
    GPIOE_Handler                            0x0000122f   Thumb Code     2  startup_tm4c123.o(.text)
    UART0_Handler                            0x00001231   Thumb Code     2  startup_tm4c123.o(.text)
    UART1_Handler                            0x00001233   Thumb Code     2  startup_tm4c123.o(.text)
    SSI0_Handler                             0x00001235   Thumb Code     2  startup_tm4c123.o(.text)
    I2C0_Handler                             0x00001237   Thumb Code     2  startup_tm4c123.o(.text)
    PMW0_FAULT_Handler                       0x00001239   Thumb Code     2  startup_tm4c123.o(.text)
    PWM0_0_Handler                           0x0000123b   Thumb Code     2  startup_tm4c123.o(.text)
    PWM0_1_Handler                           0x0000123d   Thumb Code     2  startup_tm4c123.o(.text)
    PWM0_2_Handler                           0x0000123f   Thumb Code     2  startup_tm4c123.o(.text)
    QEI0_Handler                             0x00001241   Thumb Code     2  startup_tm4c123.o(.text)
    ADC0SS0_Handler                          0x00001243   Thumb Code     2  startup_tm4c123.o(.text)
    ADC0SS1_Handler                          0x00001245   Thumb Code     2  startup_tm4c123.o(.text)
    ADC0SS3_Handler                          0x00001249   Thumb Code     2  startup_tm4c123.o(.text)
    WDT0_Handler                             0x0000124b   Thumb Code     2  startup_tm4c123.o(.text)
    TIMER1A_Handler                          0x00001251   Thumb Code     2  startup_tm4c123.o(.text)
    TIMER1B_Handler                          0x00001253   Thumb Code     2  startup_tm4c123.o(.text)
    TIMER2A_Handler                          0x00001255   Thumb Code     2  startup_tm4c123.o(.text)
    TIMER2B_Handler                          0x00001257   Thumb Code     2  startup_tm4c123.o(.text)
    COMP0_Handler                            0x00001259   Thumb Code     2  startup_tm4c123.o(.text)
    COMP1_Handler                            0x0000125b   Thumb Code     2  startup_tm4c123.o(.text)
    COMP2_Handler                            0x0000125d   Thumb Code     2  startup_tm4c123.o(.text)
    SYSCTL_Handler                           0x0000125f   Thumb Code     2  startup_tm4c123.o(.text)
    FLASH_Handler                            0x00001261   Thumb Code     2  startup_tm4c123.o(.text)
    GPIOF_Handler                            0x00001263   Thumb Code     2  startup_tm4c123.o(.text)
    GPIOG_Handler                            0x00001265   Thumb Code     2  startup_tm4c123.o(.text)
    GPIOH_Handler                            0x00001267   Thumb Code     2  startup_tm4c123.o(.text)
    UART2_Handler                            0x00001269   Thumb Code     2  startup_tm4c123.o(.text)
    SSI1_Handler                             0x0000126b   Thumb Code     2  startup_tm4c123.o(.text)
    TIMER3A_Handler                          0x0000126d   Thumb Code     2  startup_tm4c123.o(.text)
    TIMER3B_Handler                          0x0000126f   Thumb Code     2  startup_tm4c123.o(.text)
    I2C1_Handler                             0x00001271   Thumb Code     2  startup_tm4c123.o(.text)
    QEI1_Handler                             0x00001273   Thumb Code     2  startup_tm4c123.o(.text)
    CAN0_Handler                             0x00001275   Thumb Code     2  startup_tm4c123.o(.text)
    CAN1_Handler                             0x00001277   Thumb Code     2  startup_tm4c123.o(.text)
    CAN2_Handler                             0x00001279   Thumb Code     2  startup_tm4c123.o(.text)
    HIB_Handler                              0x0000127b   Thumb Code     2  startup_tm4c123.o(.text)
    USB0_Handler                             0x0000127d   Thumb Code     2  startup_tm4c123.o(.text)
    PWM0_3_Handler                           0x0000127f   Thumb Code     2  startup_tm4c123.o(.text)
    UDMA_Handler                             0x00001281   Thumb Code     2  startup_tm4c123.o(.text)
    UDMAERR_Handler                          0x00001283   Thumb Code     2  startup_tm4c123.o(.text)
    ADC1SS0_Handler                          0x00001285   Thumb Code     2  startup_tm4c123.o(.text)
    ADC1SS1_Handler                          0x00001287   Thumb Code     2  startup_tm4c123.o(.text)
    ADC1SS2_Handler                          0x00001289   Thumb Code     2  startup_tm4c123.o(.text)
    ADC1SS3_Handler                          0x0000128b   Thumb Code     2  startup_tm4c123.o(.text)
    GPIOJ_Handler                            0x0000128d   Thumb Code     2  startup_tm4c123.o(.text)
    GPIOK_Handler                            0x0000128f   Thumb Code     2  startup_tm4c123.o(.text)
    GPIOL_Handler                            0x00001291   Thumb Code     2  startup_tm4c123.o(.text)
    SSI2_Handler                             0x00001293   Thumb Code     2  startup_tm4c123.o(.text)
    SSI3_Handler                             0x00001295   Thumb Code     2  startup_tm4c123.o(.text)
    UART3_Handler                            0x00001297   Thumb Code     2  startup_tm4c123.o(.text)
    UART4_Handler                            0x00001299   Thumb Code     2  startup_tm4c123.o(.text)
    UART5_Handler                            0x0000129b   Thumb Code     2  startup_tm4c123.o(.text)
    UART6_Handler                            0x0000129d   Thumb Code     2  startup_tm4c123.o(.text)
    UART7_Handler                            0x0000129f   Thumb Code     2  startup_tm4c123.o(.text)
    I2C2_Handler                             0x000012a1   Thumb Code     2  startup_tm4c123.o(.text)
    I2C3_Handler                             0x000012a3   Thumb Code     2  startup_tm4c123.o(.text)
    TIMER4A_Handler                          0x000012a5   Thumb Code     2  startup_tm4c123.o(.text)
    TIMER4B_Handler                          0x000012a7   Thumb Code     2  startup_tm4c123.o(.text)
    TIMER5A_Handler                          0x000012a9   Thumb Code     2  startup_tm4c123.o(.text)
    TIMER5B_Handler                          0x000012ab   Thumb Code     2  startup_tm4c123.o(.text)
    WTIMER0A_Handler                         0x000012ad   Thumb Code     2  startup_tm4c123.o(.text)
    WTIMER0B_Handler                         0x000012af   Thumb Code     2  startup_tm4c123.o(.text)
    WTIMER1A_Handler                         0x000012b1   Thumb Code     2  startup_tm4c123.o(.text)
    WTIMER1B_Handler                         0x000012b3   Thumb Code     2  startup_tm4c123.o(.text)
    WTIMER2A_Handler                         0x000012b5   Thumb Code     2  startup_tm4c123.o(.text)
    WTIMER2B_Handler                         0x000012b7   Thumb Code     2  startup_tm4c123.o(.text)
    WTIMER3A_Handler                         0x000012b9   Thumb Code     2  startup_tm4c123.o(.text)
    WTIMER3B_Handler                         0x000012bb   Thumb Code     2  startup_tm4c123.o(.text)
    WTIMER4A_Handler                         0x000012bd   Thumb Code     2  startup_tm4c123.o(.text)
    WTIMER4B_Handler                         0x000012bf   Thumb Code     2  startup_tm4c123.o(.text)
    WTIMER5A_Handler                         0x000012c1   Thumb Code     2  startup_tm4c123.o(.text)
    WTIMER5B_Handler                         0x000012c3   Thumb Code     2  startup_tm4c123.o(.text)
    FPU_Handler                              0x000012c5   Thumb Code     2  startup_tm4c123.o(.text)
    I2C4_Handler                             0x000012c7   Thumb Code     2  startup_tm4c123.o(.text)
    I2C5_Handler                             0x000012c9   Thumb Code     2  startup_tm4c123.o(.text)
    GPIOM_Handler                            0x000012cb   Thumb Code     2  startup_tm4c123.o(.text)
    GPION_Handler                            0x000012cd   Thumb Code     2  startup_tm4c123.o(.text)
    QEI2_Handler                             0x000012cf   Thumb Code     2  startup_tm4c123.o(.text)
    GPIOP0_Handler                           0x000012d1   Thumb Code     2  startup_tm4c123.o(.text)
    GPIOP1_Handler                           0x000012d3   Thumb Code     2  startup_tm4c123.o(.text)
    GPIOP2_Handler                           0x000012d5   Thumb Code     2  startup_tm4c123.o(.text)
    GPIOP3_Handler                           0x000012d7   Thumb Code     2  startup_tm4c123.o(.text)
    GPIOP4_Handler                           0x000012d9   Thumb Code     2  startup_tm4c123.o(.text)
    GPIOP5_Handler                           0x000012db   Thumb Code     2  startup_tm4c123.o(.text)
    GPIOP6_Handler                           0x000012dd   Thumb Code     2  startup_tm4c123.o(.text)
    GPIOP7_Handler                           0x000012df   Thumb Code     2  startup_tm4c123.o(.text)
    GPIOQ0_Handler                           0x000012e1   Thumb Code     2  startup_tm4c123.o(.text)
    GPIOQ1_Handler                           0x000012e3   Thumb Code     2  startup_tm4c123.o(.text)
    GPIOQ2_Handler                           0x000012e5   Thumb Code     2  startup_tm4c123.o(.text)
    GPIOQ3_Handler                           0x000012e7   Thumb Code     2  startup_tm4c123.o(.text)
    GPIOQ4_Handler                           0x000012e9   Thumb Code     2  startup_tm4c123.o(.text)
    GPIOQ5_Handler                           0x000012eb   Thumb Code     2  startup_tm4c123.o(.text)
    GPIOQ6_Handler                           0x000012ed   Thumb Code     2  startup_tm4c123.o(.text)
    GPIOQ7_Handler                           0x000012ef   Thumb Code     2  startup_tm4c123.o(.text)
    GPIOR_Handler                            0x000012f1   Thumb Code     2  startup_tm4c123.o(.text)
    GPIOS_Handler                            0x000012f3   Thumb Code     2  startup_tm4c123.o(.text)
    PMW1_0_Handler                           0x000012f5   Thumb Code     2  startup_tm4c123.o(.text)
    PWM1_1_Handler                           0x000012f7   Thumb Code     2  startup_tm4c123.o(.text)
    PWM1_2_Handler                           0x000012f9   Thumb Code     2  startup_tm4c123.o(.text)
    PWM1_3_Handler                           0x000012fb   Thumb Code     2  startup_tm4c123.o(.text)
    PWM1_FAULT_Handler                       0x000012fd   Thumb Code     2  startup_tm4c123.o(.text)
    SystemCoreClockUpdate                    0x000013bf   Thumb Code   184  system_tm4c123.o(.text)
    SystemInit                               0x00001477   Thumb Code   112  system_tm4c123.o(.text)
    put_string                               0x00001559   Thumb Code    34  validate_uart.o(.text)
    validate_print_ice_validation_info_start 0x0000157b   Thumb Code    68  validate_uart.o(.text)
    validate_print_ice_validation_info_end   0x000015bf   Thumb Code    68  validate_uart.o(.text)
    staff_uart_config_gpio                   0x00001681   Thumb Code    82  validate_uart.o(.text)
    staff_uart_config_polling                0x000016d3   Thumb Code    68  validate_uart.o(.text)
    validate_uart_baud_rate                  0x00001717   Thumb Code    26  validate_uart.o(.text)
    validate_uart_line_control               0x00001731   Thumb Code    18  validate_uart.o(.text)
    validate_uart_interrupt_mask             0x00001743   Thumb Code    18  validate_uart.o(.text)
    validate_uart_control                    0x00001755   Thumb Code    18  validate_uart.o(.text)
    validate_uart_interrupts_enabled         0x00001767   Thumb Code    44  validate_uart.o(.text)
    put_char                                 0x00001793   Thumb Code    20  validate_uart.o(.text)
    get_char                                 0x000017a7   Thumb Code    62  validate_uart.o(.text)
    get_string                               0x000017e5   Thumb Code    40  validate_uart.o(.text)
    initialize_serial_debug                  0x0000180d   Thumb Code    12  validate_uart.o(.text)
    print_test_status                        0x00001819   Thumb Code    52  validate_uart.o(.text)
    validate_uart                            0x0000184d   Thumb Code   126  validate_uart.o(.text)
    validate_gpio_rcgc                       0x00001a7d   Thumb Code    26  validate_sysctl.o(.text)
    validate_adc_rcgc                        0x00001a97   Thumb Code    28  validate_sysctl.o(.text)
    validate_gpt_rcgc                        0x00001ab3   Thumb Code    28  validate_sysctl.o(.text)
    validate_uart_rcgc                       0x00001acf   Thumb Code    28  validate_sysctl.o(.text)
    validate_spi_rcgc                        0x00001aeb   Thumb Code    28  validate_sysctl.o(.text)
    __aeabi_uidiv                            0x00001b25   Thumb Code     0  uidiv.o(.text)
    __aeabi_uidivmod                         0x00001b25   Thumb Code    44  uidiv.o(.text)
    __scatterload                            0x00001b51   Thumb Code    28  init.o(.text)
    __scatterload_rt2                        0x00001b51   Thumb Code     0  init.o(.text)
    __0sprintf$6                             0x00001b75   Thumb Code    34  printf6.o(i.__0sprintf$6)
    __1sprintf$6                             0x00001b75   Thumb Code     0  printf6.o(i.__0sprintf$6)
    __2sprintf                               0x00001b75   Thumb Code     0  printf6.o(i.__0sprintf$6)
    __scatterload_copy                       0x00001b9d   Thumb Code    14  handlers.o(i.__scatterload_copy)
    __scatterload_null                       0x00001bab   Thumb Code     2  handlers.o(i.__scatterload_null)
    __scatterload_zeroinit                   0x00001bad   Thumb Code    14  handlers.o(i.__scatterload_zeroinit)
    alienBitmap                              0x00001f08   Data          42  main.o(.constdata)
    alienWidthPixels                         0x00001f32   Data           1  main.o(.constdata)
    alienHeightPixels                        0x00001f33   Data           1  main.o(.constdata)
    alien2Bitmap                             0x00001f34   Data          32  main.o(.constdata)
    alien2WidthPixels                        0x00001f54   Data           1  main.o(.constdata)
    alien2HeightPixels                       0x00001f55   Data           1  main.o(.constdata)
    spaceshipBitmap                          0x00001f56   Data          72  main.o(.constdata)
    spaceshipWidthPixels                     0x00001f9e   Data           1  main.o(.constdata)
    spaceshipHeightPixels                    0x00001f9f   Data           1  main.o(.constdata)
    explosionBitmap                          0x00001fa0   Data          54  main.o(.constdata)
    explosionWidthPixels                     0x00001fd6   Data           1  main.o(.constdata)
    explosionHeightPixels                    0x00001fd7   Data           1  main.o(.constdata)
    bulletBitmap                             0x00001fd8   Data           4  main.o(.constdata)
    bulletWidthPixels                        0x00001fdc   Data           1  main.o(.constdata)
    bulletHeightPixels                       0x00001fdd   Data           1  main.o(.constdata)
    alienbulletBitmap                        0x00001fde   Data          10  main.o(.constdata)
    alienbulletWidthPixels                   0x00001fe8   Data           1  main.o(.constdata)
    alienbulletHeightPixels                  0x00001fe9   Data           1  main.o(.constdata)
    startBitmap                              0x00001fea   Data         494  main.o(.constdata)
    startWidthPixels                         0x000021d8   Data           1  main.o(.constdata)
    startHeightPixels                        0x000021d9   Data           1  main.o(.constdata)
    scoresBitmap                             0x000021da   Data         494  main.o(.constdata)
    scoresWidthPixels                        0x000023c8   Data           1  main.o(.constdata)
    scoresHeightPixels                       0x000023c9   Data           1  main.o(.constdata)
    Region$$Table$$Base                      0x00002428   Number         0  anon$$obj.o(Region$$Table)
    Region$$Table$$Limit                     0x00002448   Number         0  anon$$obj.o(Region$$Table)
    group                                    0x20000000   Data           8  main.o(.data)
    individual_1                             0x20000008   Data          17  main.o(.data)
    individual_2                             0x20000019   Data          14  main.o(.data)
    SW1_pressed                              0x20000027   Data           1  main.o(.data)
    analogConvert                            0x20000028   Data           1  main.o(.data)
    refreshPlayer                            0x20000029   Data           1  main.o(.data)
    refreshAliens                            0x2000002a   Data           1  main.o(.data)
    xVal                                     0x2000002c   Data           4  main.o(.data)
    yVal                                     0x20000030   Data           4  main.o(.data)
    xPos                                     0x20000034   Data           2  main.o(.data)
    yPos                                     0x20000036   Data           2  main.o(.data)
    SystemCoreClock                          0x2000003c   Data           4  system_tm4c123.o(.data)
    __initial_sp                             0x20001040   Data           0  startup_tm4c123.o(STACK)



==============================================================================

Memory Map of the image

  Image Entry point : 0x0000120d

  Load Region LR_1 (Base: 0x00000000, Size: 0x00002488, Max: 0xffffffff, ABSOLUTE)

    Execution Region ER_RO (Base: 0x00000000, Size: 0x00002448, Max: 0xffffffff, ABSOLUTE)

    Base Addr    Size         Type   Attr      Idx    E Section Name        Object

    0x00000000   0x0000026c   Data   RO          243    RESET               startup_tm4c123.o
    0x0000026c   0x00000000   Code   RO          384  * .ARM.Collect$$$$00000000  mc_w.l(entry.o)
    0x0000026c   0x00000004   Code   RO          648    .ARM.Collect$$$$00000001  mc_w.l(entry2.o)
    0x00000270   0x00000004   Code   RO          651    .ARM.Collect$$$$00000004  mc_w.l(entry5.o)
    0x00000274   0x00000000   Code   RO          653    .ARM.Collect$$$$00000008  mc_w.l(entry7b.o)
    0x00000274   0x00000000   Code   RO          655    .ARM.Collect$$$$0000000A  mc_w.l(entry8b.o)
    0x00000274   0x00000008   Code   RO          656    .ARM.Collect$$$$0000000B  mc_w.l(entry9a.o)
    0x0000027c   0x00000000   Code   RO          658    .ARM.Collect$$$$0000000D  mc_w.l(entry10a.o)
    0x0000027c   0x00000000   Code   RO          660    .ARM.Collect$$$$0000000F  mc_w.l(entry11a.o)
    0x0000027c   0x00000004   Code   RO          649    .ARM.Collect$$$$00002712  mc_w.l(entry2.o)
    0x00000280   0x000002b4   Code   RO            4    .text               main.o
    0x00000534   0x00000134   Code   RO           96    .text               adc.o
    0x00000668   0x00000294   Code   RO          124    .text               gpio_port.o
    0x000008fc   0x00000280   Code   RO          148    .text               timers.o
    0x00000b7c   0x000000fc   Code   RO          172    .text               launchpad_io.o
    0x00000c78   0x000004dc   Code   RO          196    .text               lcd.o
    0x00001154   0x000000b8   Code   RO          220    .text               ps2.o
    0x0000120c   0x000000fc   Code   RO          244  * .text               startup_tm4c123.o
    0x00001308   0x00000250   Code   RO          251    .text               system_tm4c123.o
    0x00001558   0x00000400   Code   RO          281    .text               ECE353-Validate.lib(validate_uart.o)
    0x00001958   0x000001cc   Code   RO          363    .text               ECE353-Validate.lib(validate_sysctl.o)
    0x00001b24   0x0000002c   Code   RO          665    .text               mc_w.l(uidiv.o)
    0x00001b50   0x00000024   Code   RO          680    .text               mc_w.l(init.o)
    0x00001b74   0x00000028   Code   RO          544    i.__0sprintf$6      mc_w.l(printf6.o)
    0x00001b9c   0x0000000e   Code   RO          694    i.__scatterload_copy  mc_w.l(handlers.o)
    0x00001baa   0x00000002   Code   RO          695    i.__scatterload_null  mc_w.l(handlers.o)
    0x00001bac   0x0000000e   Code   RO          696    i.__scatterload_zeroinit  mc_w.l(handlers.o)
    0x00001bba   0x00000002   PAD
    0x00001bbc   0x000002f0   Code   RO          549    i._printf_core      mc_w.l(printf6.o)
    0x00001eac   0x00000024   Code   RO          550    i._printf_post_padding  mc_w.l(printf6.o)
    0x00001ed0   0x0000002e   Code   RO          551    i._printf_pre_padding  mc_w.l(printf6.o)
    0x00001efe   0x0000000a   Code   RO          553    i._sputc            mc_w.l(printf6.o)
    0x00001f08   0x000004c2   Data   RO            6    .constdata          main.o
    0x000023ca   0x00000002   PAD
    0x000023cc   0x0000005c   Data   RO          282    .conststring        ECE353-Validate.lib(validate_uart.o)
    0x00002428   0x00000020   Data   RO          692    Region$$Table       anon$$obj.o


    Execution Region ER_RW (Base: 0x20000000, Size: 0x00000040, Max: 0xffffffff, ABSOLUTE)

    Base Addr    Size         Type   Attr      Idx    E Section Name        Object

    0x20000000   0x0000003a   Data   RW            7    .data               main.o
    0x2000003a   0x00000002   PAD
    0x2000003c   0x00000004   Data   RW          252    .data               system_tm4c123.o


    Execution Region ER_ZI (Base: 0x20000040, Size: 0x00001000, Max: 0xffffffff, ABSOLUTE)

    Base Addr    Size         Type   Attr      Idx    E Section Name        Object

    0x20000040   0x00001000   Zero   RW          241    STACK               startup_tm4c123.o


==============================================================================

Image component sizes


      Code (inc. data)   RO Data    RW Data    ZI Data      Debug   Object Name

       308         12          0          0          0      31474   adc.o
       660         32          0          0          0       5066   gpio_port.o
       252         26          0          0          0       2225   launchpad_io.o
      1244         26          0          0          0       3376   lcd.o
       692        160       1218         58          0      30893   main.o
       184         10          0          0          0       1093   ps2.o
       252         10        620          0       4096       5428   startup_tm4c123.o
       592        138          0          4          0       1529   system_tm4c123.o
       640         16          0          0          0       3197   timers.o

    ----------------------------------------------------------------------
      4824        430       1872         64       4096      84281   Object Totals
         0          0         32          0          0          0   (incl. Generated)
         0          0          2          2          0          0   (incl. Padding)

    ----------------------------------------------------------------------

      Code (inc. data)   RO Data    RW Data    ZI Data      Debug   Library Member Name

       460         38          0          0          0       2598   validate_sysctl.o
      1024        150         92          0          0      31422   validate_uart.o
         0          0          0          0          0          0   entry.o
         0          0          0          0          0          0   entry10a.o
         0          0          0          0          0          0   entry11a.o
         8          4          0          0          0          0   entry2.o
         4          0          0          0          0          0   entry5.o
         0          0          0          0          0          0   entry7b.o
         0          0          0          0          0          0   entry8b.o
         8          4          0          0          0          0   entry9a.o
        30          0          0          0          0          0   handlers.o
        36          8          0          0          0         68   init.o
       884         10          0          0          0        420   printf6.o
        44          0          0          0          0         80   uidiv.o

    ----------------------------------------------------------------------
      2500        214         92          0          0      34588   Library Totals
         2          0          0          0          0          0   (incl. Padding)

    ----------------------------------------------------------------------

      Code (inc. data)   RO Data    RW Data    ZI Data      Debug   Library Name

      1484        188         92          0          0      34020   ECE353-Validate.lib
      1014         26          0          0          0        568   mc_w.l

    ----------------------------------------------------------------------
      2500        214         92          0          0      34588   Library Totals

    ----------------------------------------------------------------------

==============================================================================


      Code (inc. data)   RO Data    RW Data    ZI Data      Debug   

      7324        644       1964         64       4096     117465   Grand Totals
      7324        644       1964         64       4096     117465   ELF Image Totals
      7324        644       1964         64          0          0   ROM Totals

==============================================================================

    Total RO  Size (Code + RO Data)                 9288 (   9.07kB)
    Total RW  Size (RW Data + ZI Data)              4160 (   4.06kB)
    Total ROM Size (Code + RO Data + RW Data)       9352 (   9.13kB)

==============================================================================

